[christophm.github.io/interpretable-ml-book/index.html]
[backblue.gif]
[fade.gif]
[index.html]
[christophm.github.io/interpretable-ml-book/preface-by-the-author.html]
[christophm.github.io/interpretable-ml-book/libs/gitbook-2.6.7/css/style.css]
[christophm.github.io/interpretable-ml-book/libs/jquery-2.2.3/jquery.min.js]
[christophm.github.io/interpretable-ml-book/libs/gitbook-2.6.7/css/plugin-table.css]
[christophm.github.io/interpretable-ml-book/libs/gitbook-2.6.7/css/plugin-bookdown.css]
[christophm.github.io/interpretable-ml-book/libs/gitbook-2.6.7/css/plugin-highlight.css]
[christophm.github.io/interpretable-ml-book/libs/gitbook-2.6.7/css/plugin-search.css]
[christophm.github.io/interpretable-ml-book/libs/gitbook-2.6.7/css/plugin-fontsettings.css]
[christophm.github.io/interpretable-ml-book/libs/gitbook-2.6.7/css/plugin-clipboard.css]
[christophm.github.io/interpretable-ml-book/css/cookieconsent.min.css]
[christophm.github.io/interpretable-ml-book/javascript/cookieconsent.min.js]
[christophm.github.io/interpretable-ml-book/css/style.css]
[christophm.github.io/interpretable-ml-book/index-2.html]
[christophm.github.io/interpretable-ml-book/intro.html]
[christophm.github.io/interpretable-ml-book/storytime.html]
[christophm.github.io/interpretable-ml-book/what-is-machine-learning.html]
[christophm.github.io/interpretable-ml-book/terminology.html]
[christophm.github.io/interpretable-ml-book/interpretability.html]
[christophm.github.io/interpretable-ml-book/interpretability-importance.html]
[christophm.github.io/interpretable-ml-book/taxonomy-of-interpretability-methods.html]
[christophm.github.io/interpretable-ml-book/scope-of-interpretability.html]
[christophm.github.io/interpretable-ml-book/evaluation-of-interpretability.html]
[christophm.github.io/interpretable-ml-book/properties.html]
[christophm.github.io/interpretable-ml-book/explanation.html]
[christophm.github.io/interpretable-ml-book/data.html]
[christophm.github.io/interpretable-ml-book/bike-data.html]
[christophm.github.io/interpretable-ml-book/spam-data.html]
[christophm.github.io/interpretable-ml-book/cervical.html]
[christophm.github.io/interpretable-ml-book/simple.html]
[christophm.github.io/interpretable-ml-book/limo.html]
[christophm.github.io/interpretable-ml-book/logistic.html]
[christophm.github.io/interpretable-ml-book/extend-lm.html]
[christophm.github.io/interpretable-ml-book/tree.html]
[christophm.github.io/interpretable-ml-book/rules.html]
[christophm.github.io/interpretable-ml-book/rulefit.html]
[christophm.github.io/interpretable-ml-book/other-interpretable.html]
[christophm.github.io/interpretable-ml-book/agnostic.html]
[christophm.github.io/interpretable-ml-book/pdp.html]
[christophm.github.io/interpretable-ml-book/ice.html]
[christophm.github.io/interpretable-ml-book/ale.html]
[christophm.github.io/interpretable-ml-book/interaction.html]
[christophm.github.io/interpretable-ml-book/feature-importance.html]
[christophm.github.io/interpretable-ml-book/global.html]
[christophm.github.io/interpretable-ml-book/lime.html]
[christophm.github.io/interpretable-ml-book/anchors.html]
[christophm.github.io/interpretable-ml-book/shapley.html]
[christophm.github.io/interpretable-ml-book/shap.html]
[christophm.github.io/interpretable-ml-book/example-based.html]
[christophm.github.io/interpretable-ml-book/counterfactual.html]
[christophm.github.io/interpretable-ml-book/adversarial.html]
[christophm.github.io/interpretable-ml-book/proto.html]
[christophm.github.io/interpretable-ml-book/influential.html]
[christophm.github.io/interpretable-ml-book/neural-networks.html]
[christophm.github.io/interpretable-ml-book/cnn-features.html]
[christophm.github.io/interpretable-ml-book/pixel-attribution.html]
[christophm.github.io/interpretable-ml-book/future.html]
[christophm.github.io/interpretable-ml-book/the-future-of-machine-learning.html]
[christophm.github.io/interpretable-ml-book/the-future-of-interpretability.html]
[christophm.github.io/interpretable-ml-book/contribute.html]
[christophm.github.io/interpretable-ml-book/cite.html]
[christophm.github.io/interpretable-ml-book/translations.html]
[christophm.github.io/interpretable-ml-book/acknowledgements.html]
[christophm.github.io/interpretable-ml-book/references.html]
[christophm.github.io/interpretable-ml-book/r-packages-used-for-examples.html]
[christophm.github.io/interpretable-ml-book/images/title_page.jpg]
[christophm.github.io/interpretable-ml-book/images/by-nc-sa.png]
[christophm.github.io/interpretable-ml-book/libs/gitbook-2.6.7/js/lunr.js]
[christophm.github.io/interpretable-ml-book/libs/gitbook-2.6.7/js/app.min.js]
[christophm.github.io/interpretable-ml-book/libs/gitbook-2.6.7/js/clipboard.min.js]
[christophm.github.io/interpretable-ml-book/libs/gitbook-2.6.7/js/plugin-search.js]
[christophm.github.io/interpretable-ml-book/libs/gitbook-2.6.7/js/plugin-sharing.js]
[christophm.github.io/interpretable-ml-book/libs/gitbook-2.6.7/js/plugin-fontsettings.js]
[christophm.github.io/interpretable-ml-book/libs/gitbook-2.6.7/js/plugin-bookdown.js]
[christophm.github.io/interpretable-ml-book/libs/gitbook-2.6.7/js/jquery.highlight.js]
[christophm.github.io/interpretable-ml-book/libs/gitbook-2.6.7/js/plugin-clipboard.js]
[christophm.github.io/interpretable-ml-book/index.html]
[christophm.github.io/interpretable-ml-book/preface-by-the-author.html]
[christophm.github.io/interpretable-ml-book/libs/gitbook-2.6.7/css/fontawesome/fontawesome-webfont862f.ttf]
[christophm.github.io/interpretable-ml-book/libs/gitbook-2.6.7/css/style.css]
[christophm.github.io/interpretable-ml-book/libs/gitbook-2.6.7/css/plugin-table.css]
[christophm.github.io/interpretable-ml-book/libs/gitbook-2.6.7/css/plugin-bookdown.css]
[christophm.github.io/interpretable-ml-book/libs/gitbook-2.6.7/css/plugin-highlight.css]
[christophm.github.io/interpretable-ml-book/libs/gitbook-2.6.7/css/plugin-search.css]
[christophm.github.io/interpretable-ml-book/libs/gitbook-2.6.7/css/plugin-fontsettings.css]
[christophm.github.io/interpretable-ml-book/libs/gitbook-2.6.7/css/plugin-clipboard.css]
[christophm.github.io/interpretable-ml-book/css/cookieconsent.min.css]
[christophm.github.io/interpretable-ml-book/css/style.css]
[christophm.github.io/interpretable-ml-book/index-2.html]
[christophm.github.io/interpretable-ml-book/intro.html]
[christophm.github.io/interpretable-ml-book/images/hospital.png]
[christophm.github.io/interpretable-ml-book/images/access-denied.jpg]
[christophm.github.io/interpretable-ml-book/images/burnt-earth.jpg]
[christophm.github.io/interpretable-ml-book/storytime.html]
[christophm.github.io/interpretable-ml-book/what-is-machine-learning.html]
[christophm.github.io/interpretable-ml-book/images/programing-ml.png]
[christophm.github.io/interpretable-ml-book/images/learner.png]
[christophm.github.io/interpretable-ml-book/images/iml.png]
[christophm.github.io/interpretable-ml-book/terminology.html]
[christophm.github.io/interpretable-ml-book/interpretability.html]
[christophm.github.io/interpretable-ml-book/images/amazon-freq-bought-together.png]
[christophm.github.io/interpretable-ml-book/images/doge-stuck.jpg]
[christophm.github.io/interpretable-ml-book/interpretability-importance.html]
[christophm.github.io/interpretable-ml-book/taxonomy-of-interpretability-methods.html]
[christophm.github.io/interpretable-ml-book/scope-of-interpretability.html]
[christophm.github.io/interpretable-ml-book/evaluation-of-interpretability.html]
[christophm.github.io/interpretable-ml-book/properties.html]
[christophm.github.io/interpretable-ml-book/explanation.html]
[christophm.github.io/interpretable-ml-book/data.html]
[christophm.github.io/interpretable-ml-book/bike-data.html]
[christophm.github.io/interpretable-ml-book/spam-data.html]
[christophm.github.io/interpretable-ml-book/cervical.html]
[christophm.github.io/interpretable-ml-book/simple.html]
[christophm.github.io/interpretable-ml-book/images/linear-weights-plot-1.png]
[christophm.github.io/interpretable-ml-book/images/linear-effects-1.png]
[christophm.github.io/interpretable-ml-book/images/linear-effects-single-1.png]
[christophm.github.io/interpretable-ml-book/images/lasso-path-1.png]
[christophm.github.io/interpretable-ml-book/limo.html]
[christophm.github.io/interpretable-ml-book/images/linear-class-threshold-1.png]
[christophm.github.io/interpretable-ml-book/images/logistic-function-1.png]
[christophm.github.io/interpretable-ml-book/images/logistic-class-threshold-1.png]
[christophm.github.io/interpretable-ml-book/logistic.html]
[christophm.github.io/interpretable-ml-book/images/three-lm-problems-1.png]
[christophm.github.io/interpretable-ml-book/images/poisson-data-1.png]
[christophm.github.io/interpretable-ml-book/images/failing-linear-model-1.png]
[christophm.github.io/interpretable-ml-book/images/linear-model-positive-1.png]
[christophm.github.io/interpretable-ml-book/images/interaction-plot-1.png]
[christophm.github.io/interpretable-ml-book/images/nonlinear-effects-1.png]
[christophm.github.io/interpretable-ml-book/images/splines-1.png]
[christophm.github.io/interpretable-ml-book/images/splines-curve-1.png]
[christophm.github.io/interpretable-ml-book/extend-lm.html]
[christophm.github.io/interpretable-ml-book/images/tree-artificial-1.png]
[christophm.github.io/interpretable-ml-book/images/tree-example-1.png]
[christophm.github.io/interpretable-ml-book/images/tree-importance-1.png]
[christophm.github.io/interpretable-ml-book/tree.html]
[christophm.github.io/interpretable-ml-book/images/covering-algo-1.png]
[christophm.github.io/interpretable-ml-book/images/learn-one-rule.png]
[christophm.github.io/interpretable-ml-book/rules.html]
[christophm.github.io/interpretable-ml-book/images/rulefit.jpg]
[christophm.github.io/interpretable-ml-book/rulefit.html]
[christophm.github.io/interpretable-ml-book/other-interpretable.html]
[christophm.github.io/interpretable-ml-book/images/rulefit-importance-1.png]
[christophm.github.io/interpretable-ml-book/agnostic.html]
[christophm.github.io/interpretable-ml-book/images/big-picture.png]
[christophm.github.io/interpretable-ml-book/images/pdp-bike-1.png]
[christophm.github.io/interpretable-ml-book/images/pdp-bike-cat-1.png]
[christophm.github.io/interpretable-ml-book/images/pdp-cervical-1.png]
[christophm.github.io/interpretable-ml-book/pdp.html]
[christophm.github.io/interpretable-ml-book/images/pdp-cervical-2d-1.png]
[christophm.github.io/interpretable-ml-book/images/ice-cervical-1.png]
[christophm.github.io/interpretable-ml-book/images/ice-bike-1.png]
[christophm.github.io/interpretable-ml-book/images/ice-cervical-centered-1.png]
[christophm.github.io/interpretable-ml-book/ice.html]
[christophm.github.io/interpretable-ml-book/images/ice-bike-centered-1.png]
[christophm.github.io/interpretable-ml-book/images/aleplot-motivation1-1.png]
[christophm.github.io/interpretable-ml-book/images/aleplot-motivation2-1.png]
[christophm.github.io/interpretable-ml-book/images/aleplot-computation-1.png]
[christophm.github.io/interpretable-ml-book/images/aleplot-computation-2d-1.png]
[christophm.github.io/interpretable-ml-book/images/correlation-problem-1.png]
[christophm.github.io/interpretable-ml-book/images/correlation-pdp-ale-plot-1.png]
[christophm.github.io/interpretable-ml-book/images/ale-bike-1.png]
[christophm.github.io/interpretable-ml-book/images/ale-bike-cor-1.png]
[christophm.github.io/interpretable-ml-book/images/pdp-bike-compare-1.png]
[christophm.github.io/interpretable-ml-book/images/ale-bike-cat-1.png]
[christophm.github.io/interpretable-ml-book/images/ale-bike-2d-1.png]
[christophm.github.io/interpretable-ml-book/images/pdp-bike-vs-ale-2D-1.png]
[christophm.github.io/interpretable-ml-book/images/ale-cervical-1D-1.png]
[christophm.github.io/interpretable-ml-book/images/ale-cervical-2d-1.png]
[christophm.github.io/interpretable-ml-book/ale.html]
[christophm.github.io/interpretable-ml-book/images/interaction-bike-1.png]
[christophm.github.io/interpretable-ml-book/images/interaction-cervical-1.png]
[christophm.github.io/interpretable-ml-book/images/interaction2-cervical-age-1.png]
[christophm.github.io/interpretable-ml-book/interaction.html]
[christophm.github.io/interpretable-ml-book/images/feature-imp-sim-1.png]
[christophm.github.io/interpretable-ml-book/images/garbage-svm-pdp-1.png]
[christophm.github.io/interpretable-ml-book/images/importance-cervical-1.png]
[christophm.github.io/interpretable-ml-book/images/importance-bike-1.png]
[christophm.github.io/interpretable-ml-book/feature-importance.html]
[christophm.github.io/interpretable-ml-book/images/surrogate-bike-1.png]
[christophm.github.io/interpretable-ml-book/images/surrogate-cervical-1.png]
[christophm.github.io/interpretable-ml-book/global.html]
[christophm.github.io/interpretable-ml-book/images/lime-fitting-1.png]
[christophm.github.io/interpretable-ml-book/images/lime-fail-1.png]
[christophm.github.io/interpretable-ml-book/images/lime-tabular-example-explain-plot-1-1.png]
[christophm.github.io/interpretable-ml-book/images/lime-images-package-example-1.png]
[christophm.github.io/interpretable-ml-book/lime.html]
[christophm.github.io/interpretable-ml-book/images/anchors-visualization.png]
[christophm.github.io/interpretable-ml-book/images/anchors-process.jpg]
[christophm.github.io/interpretable-ml-book/images/unnamed-chunk-25-1.png]
[christophm.github.io/interpretable-ml-book/images/unnamed-chunk-26-1.png]
[christophm.github.io/interpretable-ml-book/images/unnamed-chunk-29-1.png]
[christophm.github.io/interpretable-ml-book/images/unnamed-chunk-30-1.png]
[christophm.github.io/interpretable-ml-book/anchors.html]
[christophm.github.io/interpretable-ml-book/images/shapley-instance.png]
[christophm.github.io/interpretable-ml-book/images/shapley-instance-intervention.png]
[christophm.github.io/interpretable-ml-book/images/shapley-coalitions.png]
[christophm.github.io/interpretable-ml-book/images/shapley-cervical-plot-1.png]
[christophm.github.io/interpretable-ml-book/images/shapley-bike-plot-1.png]
[christophm.github.io/interpretable-ml-book/shapley.html]
[christophm.github.io/interpretable-ml-book/images/shap-simplified-features.jpg]
[christophm.github.io/interpretable-ml-book/images/shap-superpixel.jpg]
[christophm.github.io/interpretable-ml-book/images/unnamed-chunk-34-1.png]
[christophm.github.io/interpretable-ml-book/images/shap-importance.png]
[christophm.github.io/interpretable-ml-book/images/shap-importance-extended.png]
[christophm.github.io/interpretable-ml-book/images/shap-dependence.png]
[christophm.github.io/interpretable-ml-book/images/shap-dependence-interaction.png]
[christophm.github.io/interpretable-ml-book/shap.html]
[christophm.github.io/interpretable-ml-book/example-based.html]
[christophm.github.io/interpretable-ml-book/images/shap-clustering.png]
[christophm.github.io/interpretable-ml-book/images/graph.jpg]
[christophm.github.io/interpretable-ml-book/images/cfexp-nsgaII.jpg]
[christophm.github.io/interpretable-ml-book/counterfactual.html]
[christophm.github.io/interpretable-ml-book/images/adversarial-ostrich.jpg]
[christophm.github.io/interpretable-ml-book/images/adversarial-1pixel.png]
[christophm.github.io/interpretable-ml-book/images/adversarial-toaster.png]
[christophm.github.io/interpretable-ml-book/adversarial.html]
[christophm.github.io/interpretable-ml-book/images/adversarial-turtle.png]
[christophm.github.io/interpretable-ml-book/images/unnamed-chunk-43-1.png]
[christophm.github.io/interpretable-ml-book/images/mmd-1.png]
[christophm.github.io/interpretable-ml-book/images/witness-1.png]
[christophm.github.io/interpretable-ml-book/proto.html]
[christophm.github.io/interpretable-ml-book/images/proto-critique2.jpg]
[christophm.github.io/interpretable-ml-book/images/outlier-1.png]
[christophm.github.io/interpretable-ml-book/images/influential-point-1.png]
[christophm.github.io/interpretable-ml-book/images/cooks-analyzed-1.png]
[christophm.github.io/interpretable-ml-book/images/influence-single-1.png]
[christophm.github.io/interpretable-ml-book/images/quadratic-expansion-1.png]
[christophm.github.io/interpretable-ml-book/influential.html]
[christophm.github.io/interpretable-ml-book/neural-networks.html]
[christophm.github.io/interpretable-ml-book/images/cnn-features.png]
[christophm.github.io/interpretable-ml-book/images/units.jpg]
[christophm.github.io/interpretable-ml-book/images/a484.png]
[christophm.github.io/interpretable-ml-book/images/activation-optim.png]
[christophm.github.io/interpretable-ml-book/images/dissection-network.png]
[christophm.github.io/interpretable-ml-book/images/broden.png]
[christophm.github.io/interpretable-ml-book/images/dissection-dog-exemplary.jpg]
[christophm.github.io/interpretable-ml-book/images/dissection-dogs.jpg]
[christophm.github.io/interpretable-ml-book/images/arch-compare.png]
[christophm.github.io/interpretable-ml-book/images/rotation-dissect.png]
[christophm.github.io/interpretable-ml-book/cnn-features.html]
[christophm.github.io/interpretable-ml-book/images/vanilla.png]
[christophm.github.io/interpretable-ml-book/images/original-images-classification.png]
[christophm.github.io/interpretable-ml-book/images/smoothgrad.png]
[christophm.github.io/interpretable-ml-book/pixel-attribution.html]
[christophm.github.io/interpretable-ml-book/future.html]
[christophm.github.io/interpretable-ml-book/the-future-of-machine-learning.html]
[christophm.github.io/interpretable-ml-book/the-future-of-interpretability.html]
[christophm.github.io/interpretable-ml-book/contribute.html]
[christophm.github.io/interpretable-ml-book/cite.html]
[christophm.github.io/interpretable-ml-book/translations.html]
[christophm.github.io/interpretable-ml-book/acknowledgements.html]
[christophm.github.io/interpretable-ml-book/references.html]
[christophm.github.io/interpretable-ml-book/r-packages-used-for-examples.html]
